<?xml version="1.0" encoding="utf-8"?><testsuites><testsuite name="pytest" errors="0" failures="0" skipped="0" tests="4" time="3.229" timestamp="2023-10-15T17:28:44.254934" hostname="1856f8e6d3a4"><testcase classname="tests.api.test_api.TestBatchPipeline" name="test_should_failed_unkown_column_1" time="0.069" /><testcase classname="tests.api.test_api.TestBatchPipeline" name="test_should_failed_unkown_column_2" time="0.063" /><testcase classname="tests.api.test_api.TestBatchPipeline" name="test_should_failed_unkown_column_3" time="0.035" /><testcase classname="tests.api.test_api.TestBatchPipeline" name="test_should_get_predict" time="0.058" /></testsuite></testsuites>